// Jest Snapshot v1, https://goo.gl/fbAQLP

exports[`renders and matches the previous snapshot 1`] = `
<ul>
  Loading...
</ul>
`;
